npm warn Unknown env config "http-proxy". This will stop working in the next major version of npm.

> mrrobot-oman-store@1.0.0 build
> next build --webpack

▲ Next.js 16.3.7 (webpack)
✓ Running next.config.ts took 21ms

  Creating an optimized production build ...
✓ Compiled successfully in 2.3s
  Running TypeScript ...
  Finished TypeScript in 2.4s ...
  Collecting page data using 8 workers ...
  Generating static pages using 8 workers (0/38) ...
  Generating static pages using 8 workers (9/38) 
  Generating static pages using 8 workers (18/38) 
  Generating static pages using 8 workers (28/38) 
✓ Generating static pages using 8 workers (38/38) in 367ms
  Finalizing page optimization ...
  Collecting build traces ...

Route (app)
┌ ƒ /
├ ƒ /_not-found
├ ƒ /contact
├ ƒ /offers
├ ○ /opengraph-image
├ ƒ /products
├ ƒ /products/[slug]
├ ○ /robots.txt
└ ○ /sitemap.xml


○  (Static)   prerendered as static content
ƒ  (Dynamic)  server-rendered on demand

